// Jest Snapshot v1, https://goo.gl/fbAQLP

exports[`UserCard component Should render 1`] = `
Object {
  "asFragment": [Function],
  "baseElement": <body>
    <div>
      <a
        class="makeStyles-wrapper-1"
        href="/users/1"
      >
        <div
          class="MuiPaper-root MuiPaper-elevation MuiPaper-rounded MuiPaper-elevation4 makeStyles-paper-2 css-11mde6h-MuiPaper-root"
        >
          <div
            class="makeStyles-card-7"
          >
            <div
              class="makeStyles-titleWrapper-4"
            >
              <h6
                class="MuiTypography-root MuiTypography-h6 makeStyles-nameLabel-5 css-2ulfj5-MuiTypography-root"
              >
                <strong>
                  Leanne Graham
                </strong>
              </h6>
              <hr
                class="MuiDivider-root MuiDivider-fullWidth makeStyles-divider-3 css-9mgopn-MuiDivider-root"
              />
            </div>
            <div
              class="makeStyles-cardContent-8"
            >
              <p
                class="MuiTypography-root MuiTypography-body1 makeStyles-label-6 css-9eg9l8-MuiTypography-root"
              >
                @
                Bret
              </p>
              <p
                class="MuiTypography-root MuiTypography-body1 makeStyles-label-6 css-9eg9l8-MuiTypography-root"
              >
                Sincere@april.biz
              </p>
            </div>
          </div>
        </div>
      </a>
    </div>
  </body>,
  "container": <div>
    <a
      class="makeStyles-wrapper-1"
      href="/users/1"
    >
      <div
        class="MuiPaper-root MuiPaper-elevation MuiPaper-rounded MuiPaper-elevation4 makeStyles-paper-2 css-11mde6h-MuiPaper-root"
      >
        <div
          class="makeStyles-card-7"
        >
          <div
            class="makeStyles-titleWrapper-4"
          >
            <h6
              class="MuiTypography-root MuiTypography-h6 makeStyles-nameLabel-5 css-2ulfj5-MuiTypography-root"
            >
              <strong>
                Leanne Graham
              </strong>
            </h6>
            <hr
              class="MuiDivider-root MuiDivider-fullWidth makeStyles-divider-3 css-9mgopn-MuiDivider-root"
            />
          </div>
          <div
            class="makeStyles-cardContent-8"
          >
            <p
              class="MuiTypography-root MuiTypography-body1 makeStyles-label-6 css-9eg9l8-MuiTypography-root"
            >
              @
              Bret
            </p>
            <p
              class="MuiTypography-root MuiTypography-body1 makeStyles-label-6 css-9eg9l8-MuiTypography-root"
            >
              Sincere@april.biz
            </p>
          </div>
        </div>
      </div>
    </a>
  </div>,
  "debug": [Function],
  "findAllByAltText": [Function],
  "findAllByDisplayValue": [Function],
  "findAllByLabelText": [Function],
  "findAllByPlaceholderText": [Function],
  "findAllByRole": [Function],
  "findAllByTestId": [Function],
  "findAllByText": [Function],
  "findAllByTitle": [Function],
  "findByAltText": [Function],
  "findByDisplayValue": [Function],
  "findByLabelText": [Function],
  "findByPlaceholderText": [Function],
  "findByRole": [Function],
  "findByTestId": [Function],
  "findByText": [Function],
  "findByTitle": [Function],
  "getAllByAltText": [Function],
  "getAllByDisplayValue": [Function],
  "getAllByLabelText": [Function],
  "getAllByPlaceholderText": [Function],
  "getAllByRole": [Function],
  "getAllByTestId": [Function],
  "getAllByText": [Function],
  "getAllByTitle": [Function],
  "getByAltText": [Function],
  "getByDisplayValue": [Function],
  "getByLabelText": [Function],
  "getByPlaceholderText": [Function],
  "getByRole": [Function],
  "getByTestId": [Function],
  "getByText": [Function],
  "getByTitle": [Function],
  "queryAllByAltText": [Function],
  "queryAllByDisplayValue": [Function],
  "queryAllByLabelText": [Function],
  "queryAllByPlaceholderText": [Function],
  "queryAllByRole": [Function],
  "queryAllByTestId": [Function],
  "queryAllByText": [Function],
  "queryAllByTitle": [Function],
  "queryByAltText": [Function],
  "queryByDisplayValue": [Function],
  "queryByLabelText": [Function],
  "queryByPlaceholderText": [Function],
  "queryByRole": [Function],
  "queryByTestId": [Function],
  "queryByText": [Function],
  "queryByTitle": [Function],
  "rerender": [Function],
  "unmount": [Function],
}
`;
